Example1.java:
#    3| { ... }
#-----|  -> super(...)

#    3| super(...)

#    5| { ... }
#-----|  -> if (...)

#    6| if (...)
#-----|  -> x

#   12| for (...;...;...)
#-----|  -> 0

#    6| { ... }
#-----|  -> <Expr>;

#    8| { ... }
#-----|  -> <Expr>;

#    7| <Expr>;
#-----|  -> System.out

#    9| <Expr>;
#-----|  -> System.out

#   12| { ... }
#-----|  -> <Expr>;

#   13| <Expr>;
#-----|  -> System.out

#   18| { ... }
#-----|  -> if (...)

#   19| if (...)
#-----|  -> value

#   23| while (...)
#-----|  -> value

#   27| switch (...)
#-----|  -> value

#   19| { ... }
#-----|  -> 1

#   20| return ...

#   23| { ... }
#-----|  -> <Expr>;

#   24| <Expr>;
#-----|  -> value

#   28| case ...
#-----|  -> 0

#   29| return ...

#   30| case ...
#-----|  -> 1

#   31| return ...

#   32| default
#-----|  -> value

#   33| return ...

#    6| ... > ...
#-----|  -> { ... }
#-----|  -> { ... }

#    6| x
#-----|  -> 0

#    6| 0
#-----|  -> ... > ...

#    7| println(...)
#-----|  -> for (...;...;...)

#    7| System.out
#-----|  -> "Positive"

#    7| "Positive"
#-----|  -> println(...)

#    9| println(...)
#-----|  -> for (...;...;...)

#    9| System.out
#-----|  -> "Non-positive"

#    9| "Non-positive"
#-----|  -> println(...)

#   12| i
#-----|  -> i

#   12| 0
#-----|  -> i

#   12| ... < ...
#-----|  -> { ... }

#   12| ...++
#-----|  -> i

#   12| i
#-----|  -> 3

#   12| 3
#-----|  -> ... < ...

#   12| i
#-----|  -> ...++

#   13| println(...)
#-----|  -> i

#   13| System.out
#-----|  -> i

#   13| i
#-----|  -> println(...)

#   19| ... < ...
#-----|  -> while (...)
#-----|  -> { ... }

#   19| value
#-----|  -> 0

#   19| 0
#-----|  -> ... < ...

#   20| -...
#-----|  -> return ...

#   20| 1
#-----|  -> -...

#   23| ... > ...
#-----|  -> switch (...)
#-----|  -> { ... }

#   23| value
#-----|  -> 10

#   23| 10
#-----|  -> ... > ...

#   24| ...=...
#-----|  -> value

#   24| ... / ...
#-----|  -> ...=...

#   24| value
#-----|  -> 2

#   24| 2
#-----|  -> ... / ...

#   27| value
#-----|  -> case ...
#-----|  -> case ...
#-----|  -> default

#   29| 0
#-----|  -> return ...

#   31| 1
#-----|  -> return ...

#   33| ... * ...
#-----|  -> return ...

#   33| value
#-----|  -> 2

#   33| 2
#-----|  -> ... * ...
