| Example1.go:10:2:10:13 | call to unrelated1 | Call to `unrelated1` from `targetFunc` |
| Example1.go:14:2:14:13 | call to targetFunc | Call to `targetFunc` from `caller1` |
| Example1.go:18:2:18:13 | call to targetFunc | Call to `targetFunc` from `caller2` |
| Example1.go:22:2:22:10 | call to caller1 | Call to `caller1` from `main` |
| Example1.go:23:2:23:10 | call to caller2 | Call to `caller2` from `main` |
