| Example1.cs:2:7:2:14 | call to constructor Object | Call from `Example1` to `Object` |
| Example1.cs:2:7:2:14 | call to method <object initializer> | Call from `Example1` to `<object initializer>` |
| Example1.cs:8:9:8:20 | call to method Unrelated1 | Call from `Unrelated2` to `Unrelated1` |
| Example1.cs:13:9:13:20 | call to method Unrelated1 | Call from `SourceFunc` to `Unrelated1` |
| Example1.cs:14:9:14:20 | call to method Unrelated2 | Call from `SourceFunc` to `Unrelated2` |
