WARNING: unused method 'getEnclosingTryBlock' (Exercise4.ql:117,8-28)
| JUnit4_Test.java:120:23:120:87 | exceptionOnNotZero(...) | $@ contains more than one $@ which may throw checked exception type 'IOException'. | JUnit4_Test.java:115:21:115:37 | testNonCompliant1 | Test method | JUnit4_Test.java:120:50:120:86 | exceptionOnNegative(...) | method call |
| JUnit4_Test.java:134:17:134:53 | exceptionOnNegative(...) | $@ contains more than one $@ which may throw checked exception type 'IOException'. | JUnit4_Test.java:129:21:129:37 | testNonCompliant2 | Test method | JUnit4_Test.java:135:17:135:52 | exceptionOnNotZero(...) | method call |
| JUnit4_Test.java:150:17:150:81 | exceptionOnNotZero(...) | $@ contains more than one $@ which may throw checked exception type 'IOException'. | JUnit4_Test.java:146:21:146:37 | testNonCompliant3 | Test method | JUnit4_Test.java:150:44:150:80 | exceptionOnNegative(...) | method call |
| JUnit5_Test.java:87:23:87:87 | exceptionOnNotZero(...) | $@ contains more than one $@ which may throw checked exception type 'IOException'. | JUnit5_Test.java:82:21:82:37 | testNonCompliant1 | Test method | JUnit5_Test.java:87:50:87:86 | exceptionOnNegative(...) | method call |
| JUnit5_Test.java:101:17:101:53 | exceptionOnNegative(...) | $@ contains more than one $@ which may throw checked exception type 'IOException'. | JUnit5_Test.java:96:21:96:37 | testNonCompliant2 | Test method | JUnit5_Test.java:102:17:102:52 | exceptionOnNotZero(...) | method call |
| JUnit5_Test.java:117:17:117:81 | exceptionOnNotZero(...) | $@ contains more than one $@ which may throw checked exception type 'IOException'. | JUnit5_Test.java:113:21:113:37 | testNonCompliant3 | Test method | JUnit5_Test.java:117:44:117:80 | exceptionOnNegative(...) | method call |
