| JUnit4_Test.java:25:17:25:53 | exceptionOnNegative(...) | Method call to exceptionOnNegative may throw: IOException |
| JUnit4_Test.java:39:17:39:52 | exceptionOnNotZero(...) | Method call to exceptionOnNotZero may throw: IOException |
| JUnit4_Test.java:53:17:53:52 | exceptionOnNotZero(...) | Method call to exceptionOnNotZero may throw: IOException |
| JUnit4_Test.java:58:17:58:53 | exceptionOnNegative(...) | Method call to exceptionOnNegative may throw: IOException |
| JUnit4_Test.java:73:23:73:58 | exceptionOnNotZero(...) | Method call to exceptionOnNotZero may throw: IOException |
| JUnit4_Test.java:86:23:86:59 | exceptionOnNegative(...) | Method call to exceptionOnNegative may throw: IOException |
| JUnit4_Test.java:99:23:99:59 | exceptionOnPositive(...) | Method call to exceptionOnPositive may throw: IOException |
| JUnit4_Test.java:120:23:120:87 | exceptionOnNotZero(...) | Method call to exceptionOnNotZero may throw: IOException |
| JUnit4_Test.java:120:50:120:86 | exceptionOnNegative(...) | Method call to exceptionOnNegative may throw: IOException |
| JUnit4_Test.java:134:17:134:53 | exceptionOnNegative(...) | Method call to exceptionOnNegative may throw: IOException |
| JUnit4_Test.java:135:17:135:52 | exceptionOnNotZero(...) | Method call to exceptionOnNotZero may throw: IOException |
| JUnit4_Test.java:136:17:136:67 | fail(...) | Method call to fail may throw: AssertionError |
| JUnit4_Test.java:150:17:150:81 | exceptionOnNotZero(...) | Method call to exceptionOnNotZero may throw: IOException |
| JUnit4_Test.java:150:44:150:80 | exceptionOnNegative(...) | Method call to exceptionOnNegative may throw: IOException |
| JUnit4_Test.java:151:17:151:67 | fail(...) | Method call to fail may throw: AssertionError |
| JUnit5_Test.java:25:17:25:53 | exceptionOnNegative(...) | Method call to exceptionOnNegative may throw: IOException |
| JUnit5_Test.java:40:23:40:58 | exceptionOnNotZero(...) | Method call to exceptionOnNotZero may throw: IOException |
| JUnit5_Test.java:53:23:53:59 | exceptionOnNegative(...) | Method call to exceptionOnNegative may throw: IOException |
| JUnit5_Test.java:66:23:66:59 | exceptionOnPositive(...) | Method call to exceptionOnPositive may throw: IOException |
| JUnit5_Test.java:87:23:87:87 | exceptionOnNotZero(...) | Method call to exceptionOnNotZero may throw: IOException |
| JUnit5_Test.java:87:50:87:86 | exceptionOnNegative(...) | Method call to exceptionOnNegative may throw: IOException |
| JUnit5_Test.java:101:17:101:53 | exceptionOnNegative(...) | Method call to exceptionOnNegative may throw: IOException |
| JUnit5_Test.java:102:17:102:52 | exceptionOnNotZero(...) | Method call to exceptionOnNotZero may throw: IOException |
| JUnit5_Test.java:117:17:117:81 | exceptionOnNotZero(...) | Method call to exceptionOnNotZero may throw: IOException |
| JUnit5_Test.java:117:44:117:80 | exceptionOnNegative(...) | Method call to exceptionOnNegative may throw: IOException |
