Example1.rs:
#    1| [Comment] //...
#    1| [SourceFile] SourceFile
#    3|   getItem(0): [Struct] struct Example1
#    3|     getName(): [Name] Example1
#    3|     getFieldList(): [StructFieldList] StructFieldList
#    4|       getField(0): [StructField] name: String
#    4|         getName(): [Name] name
#    4|         getTypeRepr(): [PathTypeRepr] String
#    4|           getPath(): [Path] String
#    4|             getSegment(): [PathSegment] String
#    4|               getIdentifier(): [NameRef] String
#    7|   getItem(1): [Impl] impl Example1 { ... }
#    7|     getAssocItemList(): [AssocItemList] AssocItemList
#    8|       getAssocItem(0): [Function] fn new
#    8|         getParamList(): [ParamList] ParamList
#    8|           getParam(0): [Param] ...: ...
#    8|             getTypeRepr(): [RefTypeRepr] RefTypeRepr
#    8|               getTypeRepr(): [PathTypeRepr] str
#    8|                 getPath(): [Path] str
#    8|                   getSegment(): [PathSegment] str
#    8|                     getIdentifier(): [NameRef] str
#    8|             getPat(): [IdentPat] name
#    8|               getName(): [Name] name
#    8|         getFunctionBody(): [BlockExpr] { ... }
#    8|           getStmtList(): [StmtList] StmtList
#    9|             getTailExpr(): [StructExpr] Example1 {...}
#    9|               getPath(): [Path] Example1
#    9|                 getSegment(): [PathSegment] Example1
#    9|                   getIdentifier(): [NameRef] Example1
#    9|               getStructExprFieldList(): [StructExprFieldList] StructExprFieldList
#   10|                 getField(0): [StructExprField] name: ...
#   10|                   getExpr(): [MethodCallExpr] name.to_string()
#   10|                     getArgList(): [ArgList] ArgList
#   10|                     getIdentifier(): [NameRef] to_string
#   10|                     getReceiver(): [VariableAccess] name
#   10|                       getPath(): [Path] name
#   10|                         getSegment(): [PathSegment] name
#   10|                           getIdentifier(): [NameRef] name
#   10|                   getIdentifier(): [NameRef] name
#    8|         getName(): [Name] new
#    8|         getRetType(): [RetTypeRepr] RetTypeRepr
#    8|           getTypeRepr(): [PathTypeRepr] Example1
#    8|             getPath(): [Path] Example1
#    8|               getSegment(): [PathSegment] Example1
#    8|                 getIdentifier(): [NameRef] Example1
#   14|       getAssocItem(1): [Function] fn greet
#   14|         getParamList(): [ParamList] ParamList
#   14|           getSelfParam(): [SelfParam] SelfParam
#   14|             getName(): [Name] self
#   14|         getFunctionBody(): [BlockExpr] { ... }
#   14|           getStmtList(): [StmtList] StmtList
#   15|             getTailExpr(): [MacroExpr] MacroExpr
#   15|               getMacroCall(): [MacroCall] format!...
#   15|                 getPath(): [Path] format
#   15|                   getSegment(): [PathSegment] format
#   15|                     getIdentifier(): [NameRef] format
#   15|                 getTokenTree(): [TokenTree] TokenTree
#   14|         getName(): [Name] greet
#   14|         getRetType(): [RetTypeRepr] RetTypeRepr
#   14|           getTypeRepr(): [PathTypeRepr] String
#   14|             getPath(): [Path] String
#   14|               getSegment(): [PathSegment] String
#   14|                 getIdentifier(): [NameRef] String
#    7|     getSelfTy(): [PathTypeRepr] Example1
#    7|       getPath(): [Path] Example1
#    7|         getSegment(): [PathSegment] Example1
#    7|           getIdentifier(): [NameRef] Example1
#   19|   getItem(2): [Function] fn helper
#   19|     getParamList(): [ParamList] ParamList
#   19|     getFunctionBody(): [BlockExpr] { ... }
#   19|       getStmtList(): [StmtList] StmtList
#   20|         getTailExpr(): [IntegerLiteralExpr] 42
#   19|     getName(): [Name] helper
#   19|     getRetType(): [RetTypeRepr] RetTypeRepr
#   19|       getTypeRepr(): [PathTypeRepr] i32
#   19|         getPath(): [Path] i32
#   19|           getSegment(): [PathSegment] i32
#   19|             getIdentifier(): [NameRef] i32
#   23|   getItem(3): [Function] fn demo
#   23|     getParamList(): [ParamList] ParamList
#   23|       getParam(0): [Param] ...: i32
#   23|         getTypeRepr(): [PathTypeRepr] i32
#   23|           getPath(): [Path] i32
#   23|             getSegment(): [PathSegment] i32
#   23|               getIdentifier(): [NameRef] i32
#   23|         getPat(): [IdentPat] x
#   23|           getName(): [Name] x
#   23|     getFunctionBody(): [BlockExpr] { ... }
#   23|       getStmtList(): [StmtList] StmtList
#   24|         getStatement(0): [LetStmt] let ... = ...
#   24|           getInitializer(): [MacroExpr] MacroExpr
#   24|             getMacroCall(): [MacroCall] vec!...
#   24|               getPath(): [Path] vec
#   24|                 getSegment(): [PathSegment] vec
#   24|                   getIdentifier(): [NameRef] vec
#   24|               getTokenTree(): [TokenTree] TokenTree
#   24|           getPat(): [IdentPat] numbers
#   24|             getName(): [Name] numbers
#   27|         getStatement(1): [ExprStmt] ExprStmt
#   27|           getExpr(): [ForExpr] for ... in ... { ... }
#   27|             getLoopBody(): [BlockExpr] { ... }
#   27|               getStmtList(): [StmtList] StmtList
#   28|                 getStatement(0): [ExprStmt] ExprStmt
#   28|                   getExpr(): [MacroExpr] MacroExpr
#   28|                     getMacroCall(): [MacroCall] println!...
#   28|                       getPath(): [Path] println
#   28|                         getSegment(): [PathSegment] println
#   28|                           getIdentifier(): [NameRef] println
#   28|                       getTokenTree(): [TokenTree] TokenTree
#   27|             getIterable(): [RefExpr] &numbers
#   27|               getExpr(): [VariableAccess] numbers
#   27|                 getPath(): [Path] numbers
#   27|                   getSegment(): [PathSegment] numbers
#   27|                     getIdentifier(): [NameRef] numbers
#   27|             getPat(): [IdentPat] n
#   27|               getName(): [Name] n
#   32|         getStatement(2): [ExprStmt] ExprStmt
#   32|           getExpr(): [IfExpr] if ... {...} else {...}
#   32|             getCondition(): [BinaryExpr] ... > ...
#   32|               getLhs(): [VariableAccess] x
#   32|                 getPath(): [Path] x
#   32|                   getSegment(): [PathSegment] x
#   32|                     getIdentifier(): [NameRef] x
#   32|               getRhs(): [IntegerLiteralExpr] 0
#   34|             getElse(): [BlockExpr] { ... }
#   34|               getStmtList(): [StmtList] StmtList
#   35|                 getStatement(0): [ExprStmt] ExprStmt
#   35|                   getExpr(): [MacroExpr] MacroExpr
#   35|                     getMacroCall(): [MacroCall] println!...
#   35|                       getPath(): [Path] println
#   35|                         getSegment(): [PathSegment] println
#   35|                           getIdentifier(): [NameRef] println
#   35|                       getTokenTree(): [TokenTree] TokenTree
#   32|             getThen(): [BlockExpr] { ... }
#   32|               getStmtList(): [StmtList] StmtList
#   33|                 getStatement(0): [ExprStmt] ExprStmt
#   33|                   getExpr(): [MacroExpr] MacroExpr
#   33|                     getMacroCall(): [MacroCall] println!...
#   33|                       getPath(): [Path] println
#   33|                         getSegment(): [PathSegment] println
#   33|                           getIdentifier(): [NameRef] println
#   33|                       getTokenTree(): [TokenTree] TokenTree
#   39|         getTailExpr(): [MatchExpr] match x { ... }
#   39|           getScrutinee(): [VariableAccess] x
#   39|             getPath(): [Path] x
#   39|               getSegment(): [PathSegment] x
#   39|                 getIdentifier(): [NameRef] x
#   39|           getMatchArmList(): [MatchArmList] MatchArmList
#   40|             getArm(0): [MatchArm] 0 => ...
#   40|               getExpr(): [MacroExpr] MacroExpr
#   40|                 getMacroCall(): [MacroCall] println!...
#   40|                   getPath(): [Path] println
#   40|                     getSegment(): [PathSegment] println
#   40|                       getIdentifier(): [NameRef] println
#   40|                   getTokenTree(): [TokenTree] TokenTree
#   40|               getPat(): [LiteralPat] 0
#   40|                 getLiteral(): [IntegerLiteralExpr] 0
#   41|             getArm(1): [MatchArm] 1 => ...
#   41|               getExpr(): [MacroExpr] MacroExpr
#   41|                 getMacroCall(): [MacroCall] println!...
#   41|                   getPath(): [Path] println
#   41|                     getSegment(): [PathSegment] println
#   41|                       getIdentifier(): [NameRef] println
#   41|                   getTokenTree(): [TokenTree] TokenTree
#   41|               getPat(): [LiteralPat] 1
#   41|                 getLiteral(): [IntegerLiteralExpr] 1
#   42|             getArm(2): [MatchArm] _ => ...
#   42|               getExpr(): [MacroExpr] MacroExpr
#   42|                 getMacroCall(): [MacroCall] println!...
#   42|                   getPath(): [Path] println
#   42|                     getSegment(): [PathSegment] println
#   42|                       getIdentifier(): [NameRef] println
#   42|                   getTokenTree(): [TokenTree] TokenTree
#   42|               getPat(): [WildcardPat] _
#   23|     getName(): [Name] demo
#   46|   getItem(4): [Function] fn main
#   46|     getParamList(): [ParamList] ParamList
#   46|     getFunctionBody(): [BlockExpr] { ... }
#   46|       getStmtList(): [StmtList] StmtList
#   47|         getStatement(0): [LetStmt] let ... = ...
#   47|           getInitializer(): [CallExpr] ...::new(...)
#   47|             getArgList(): [ArgList] ArgList
#   47|               getArg(0): [StringLiteralExpr] "World"
#   47|             getFunction(): [PathExpr] ...::new
#   47|               getPath(): [Path] ...::new
#   47|                 getQualifier(): [Path] Example1
#   47|                   getSegment(): [PathSegment] Example1
#   47|                     getIdentifier(): [NameRef] Example1
#   47|                 getSegment(): [PathSegment] new
#   47|                   getIdentifier(): [NameRef] new
#   47|           getPat(): [IdentPat] example
#   47|             getName(): [Name] example
#   48|         getStatement(1): [ExprStmt] ExprStmt
#   48|           getExpr(): [MacroExpr] MacroExpr
#   48|             getMacroCall(): [MacroCall] println!...
#   48|               getPath(): [Path] println
#   48|                 getSegment(): [PathSegment] println
#   48|                   getIdentifier(): [NameRef] println
#   48|               getTokenTree(): [TokenTree] TokenTree
#   49|         getStatement(2): [LetStmt] let ... = ...
#   49|           getInitializer(): [CallExpr] helper(...)
#   49|             getArgList(): [ArgList] ArgList
#   49|             getFunction(): [PathExpr] helper
#   49|               getPath(): [Path] helper
#   49|                 getSegment(): [PathSegment] helper
#   49|                   getIdentifier(): [NameRef] helper
#   49|           getPat(): [IdentPat] _result
#   49|             getName(): [Name] _result
#   50|         getStatement(3): [ExprStmt] ExprStmt
#   50|           getExpr(): [CallExpr] demo(...)
#   50|             getArgList(): [ArgList] ArgList
#   50|               getArg(0): [IntegerLiteralExpr] 5
#   50|             getFunction(): [PathExpr] demo
#   50|               getPath(): [Path] demo
#   50|                 getSegment(): [PathSegment] demo
#   50|                   getIdentifier(): [NameRef] demo
#   46|     getName(): [Name] main
#   26| [Comment] //...
#   31| [Comment] //...
#   38| [Comment] //...
